55973424
496202632
903509579
343265517
550981449
68482696
