Yes
11.00000000 10.60555128
0.39444872 0.00000000
