Yes
B 2 3
R 3 2 
B 2 2
B 3 3
R 2 4
No
Yes
R 1 1
R 1 2
R 2 2
R 2 1
