1 R
1 R
1 R
2 L
2 L
2 L
1 R
1 R
1 R
1 R
1 R
1 R
1 R
1 R
2 L
2 L
2 L
2 L
2 L
2 L
2 L
2 L
1 R
1 R
1 R
1 R
1 R
1 R
1 R
1 R
1 R
1 R
1 R
1 R
1 R
2 L
2 L
2 L
2 L
2 L
2 L
2 L
2 L
2 L
2 L
2 L
2 L
2 L
1 R
1 R
1 R
1 R
1 R
1 R
1 R
1 R
1 R
1 R
1 R
1 R
1 R
1 R
1 R
1 R
2 L
2 L
2 L
2 L
2 L
2 L
2 L
2 L
2 L
2 L
2 L
2 L
2 L
2 L
2 L
2 L
1 D
1 D
3 U
1 D
1 D
1 D
1 D
1 D
3 U
