450736580
222005843
791558300
565944390
287066035
818826101
538663305
222889651
450257059
718428507
230132846
653810630
380943894
21756026
863202268
823515972
834078326
615162787
221193562
85328814
